// Jest Snapshot v1, https://goo.gl/fbAQLP

exports[`Pruebas en <ImageItem /> Debe hacer match con el snapshot 1`] = `
<div>
  <div
    class="MuiGrid-root MuiGrid-direction-xs-row MuiGrid-grid-xs-4 css-1oxte1b-MuiGrid-root"
  >
    <div
      class="MuiBox-root css-12hzm7t"
    >
      <div
        class="MuiBox-root css-1w5i5lh"
      >
        <h6
          class="MuiTypography-root MuiTypography-h6 css-sb2quc-MuiTypography-root"
        >
          Front Hazard Avoidance Camera
        </h6>
      </div>
      <img
        alt="Mars"
        src="http://mars.jpl.nasa.gov/msl-raw-images/proj/msl/redops/ods/surface/sol/01000/opgs/edr/fcam/FLB_486265257EDR_F0481570FHAZ00323M_.JPG"
        style="width: 100%; height: 80%; object-fit: cover; border-radius: 10px;"
      />
      <div
        class="MuiBox-root css-1w5i5lh"
      >
        <button
          class="MuiButtonBase-root MuiButton-root MuiButton-text MuiButton-textPrimary MuiButton-sizeMedium MuiButton-textSizeMedium MuiButton-colorPrimary MuiButton-root MuiButton-text MuiButton-textPrimary MuiButton-sizeMedium MuiButton-textSizeMedium MuiButton-colorPrimary css-wcq2x6-MuiButtonBase-root-MuiButton-root"
          tabindex="0"
          type="button"
        >
          Eliminar
        </button>
      </div>
    </div>
  </div>
</div>
`;
